Archive member included because of file (symbol)

c:/no_install_programs/mhvavrtools/bin/../lib/gcc/avr/4.5.1/avr5\libgcc.a(_exit.o)
                              c:/no_install_programs/mhvavrtools/bin/../lib/gcc/avr/4.5.1/../../../../avr/lib/avr5/crtm32u4.o (exit)
c:/no_install_programs/mhvavrtools/bin/../lib/gcc/avr/4.5.1/avr5\libgcc.a(_copy_data.o)
                              BootloaderCDC.o (__do_copy_data)
c:/no_install_programs/mhvavrtools/bin/../lib/gcc/avr/4.5.1/avr5\libgcc.a(_clear_bss.o)
                              BootloaderCDC.o (__do_clear_bss)
c:/no_install_programs/mhvavrtools/bin/../lib/gcc/avr/4.5.1/../../../../avr/lib/avr5\libc.a(eerd_byte_atmega32u4.o)
                              BootloaderCDC.o (__eerd_byte_m32u4)
c:/no_install_programs/mhvavrtools/bin/../lib/gcc/avr/4.5.1/../../../../avr/lib/avr5\libc.a(eeupd_byte_atmega32u4.o)
                              ../LUFA/Drivers/USB/Core/EndpointStream.o (__eeupd_byte_m32u4)
c:/no_install_programs/mhvavrtools/bin/../lib/gcc/avr/4.5.1/../../../../avr/lib/avr5\libc.a(eewr_byte_atmega32u4.o)
                              BootloaderCDC.o (__eewr_byte_m32u4)

Allocating common symbols
Common symbol       size              file

USB_IsInitialized   0x1               ../LUFA/Drivers/USB/Core/USBTask.o
USB_ControlRequest  0x8               ../LUFA/Drivers/USB/Core/USBTask.o
USB_ConfigurationNumber
                    0x1               ../LUFA/Drivers/USB/Core/DeviceStandardReq.o

Discarded input sections

 .data          0x00000000        0x0 c:/no_install_programs/mhvavrtools/bin/../lib/gcc/avr/4.5.1/../../../../avr/lib/avr5/crtm32u4.o
 .bss           0x00000000        0x0 c:/no_install_programs/mhvavrtools/bin/../lib/gcc/avr/4.5.1/../../../../avr/lib/avr5/crtm32u4.o
 .text          0x00000000        0x0 BootloaderCDC.o
 .text          0x00000000        0x0 Descriptors.o
 .bss           0x00000000        0x0 Descriptors.o
 .text          0x00000000        0x0 ../LUFA/Drivers/USB/Core/AVR8/Device_AVR8.o
 .data          0x00000000        0x0 ../LUFA/Drivers/USB/Core/AVR8/Device_AVR8.o
 .bss           0x00000000        0x0 ../LUFA/Drivers/USB/Core/AVR8/Device_AVR8.o
 .text.USB_Device_SendRemoteWakeup
                0x00000000       0x2e ../LUFA/Drivers/USB/Core/AVR8/Device_AVR8.o
 .text          0x00000000        0x0 ../LUFA/Drivers/USB/Core/AVR8/Endpoint_AVR8.o
 .data          0x00000000        0x0 ../LUFA/Drivers/USB/Core/AVR8/Endpoint_AVR8.o
 .bss           0x00000000        0x0 ../LUFA/Drivers/USB/Core/AVR8/Endpoint_AVR8.o
 .text.Endpoint_ClearEndpoints
                0x00000000       0x28 ../LUFA/Drivers/USB/Core/AVR8/Endpoint_AVR8.o
 .text.Endpoint_WaitUntilReady
                0x00000000       0x62 ../LUFA/Drivers/USB/Core/AVR8/Endpoint_AVR8.o
 .text          0x00000000        0x0 ../LUFA/Drivers/USB/Core/AVR8/Host_AVR8.o
 .data          0x00000000        0x0 ../LUFA/Drivers/USB/Core/AVR8/Host_AVR8.o
 .bss           0x00000000        0x0 ../LUFA/Drivers/USB/Core/AVR8/Host_AVR8.o
 .text          0x00000000        0x0 ../LUFA/Drivers/USB/Core/AVR8/Pipe_AVR8.o
 .data          0x00000000        0x0 ../LUFA/Drivers/USB/Core/AVR8/Pipe_AVR8.o
 .bss           0x00000000        0x0 ../LUFA/Drivers/USB/Core/AVR8/Pipe_AVR8.o
 .text          0x00000000        0x0 ../LUFA/Drivers/USB/Core/AVR8/USBController_AVR8.o
 .data          0x00000000        0x0 ../LUFA/Drivers/USB/Core/AVR8/USBController_AVR8.o
 .bss           0x00000000        0x0 ../LUFA/Drivers/USB/Core/AVR8/USBController_AVR8.o
 .text.USB_Disable
                0x00000000       0x34 ../LUFA/Drivers/USB/Core/AVR8/USBController_AVR8.o
 .text          0x00000000        0x0 ../LUFA/Drivers/USB/Core/AVR8/USBInterrupt_AVR8.o
 .data          0x00000000        0x0 ../LUFA/Drivers/USB/Core/AVR8/USBInterrupt_AVR8.o
 .bss           0x00000000        0x0 ../LUFA/Drivers/USB/Core/AVR8/USBInterrupt_AVR8.o
 .text          0x00000000        0x0 ../LUFA/Drivers/USB/Core/ConfigDescriptor.o
 .data          0x00000000        0x0 ../LUFA/Drivers/USB/Core/ConfigDescriptor.o
 .bss           0x00000000        0x0 ../LUFA/Drivers/USB/Core/ConfigDescriptor.o
 .text.USB_GetNextDescriptorOfType
                0x00000000       0x4c ../LUFA/Drivers/USB/Core/ConfigDescriptor.o
 .text.USB_GetNextDescriptorOfTypeBefore
                0x00000000       0x56 ../LUFA/Drivers/USB/Core/ConfigDescriptor.o
 .text.USB_GetNextDescriptorOfTypeAfter
                0x00000000       0x34 ../LUFA/Drivers/USB/Core/ConfigDescriptor.o
 .text.USB_GetNextDescriptorComp
                0x00000000       0x86 ../LUFA/Drivers/USB/Core/ConfigDescriptor.o
 .text          0x00000000        0x0 ../LUFA/Drivers/USB/Core/DeviceStandardReq.o
 .data          0x00000000        0x0 ../LUFA/Drivers/USB/Core/DeviceStandardReq.o
 .bss           0x00000000        0x0 ../LUFA/Drivers/USB/Core/DeviceStandardReq.o
 .text          0x00000000        0x0 ../LUFA/Drivers/USB/Core/Events.o
 .data          0x00000000        0x0 ../LUFA/Drivers/USB/Core/Events.o
 .bss           0x00000000        0x0 ../LUFA/Drivers/USB/Core/Events.o
 .text          0x00000000        0x0 ../LUFA/Drivers/USB/Core/EndpointStream.o
 .data          0x00000000        0x0 ../LUFA/Drivers/USB/Core/EndpointStream.o
 .bss           0x00000000        0x0 ../LUFA/Drivers/USB/Core/EndpointStream.o
 .text.Endpoint_Discard_Stream
                0x00000000       0x8e ../LUFA/Drivers/USB/Core/EndpointStream.o
 .text.Endpoint_Null_Stream
                0x00000000       0x8e ../LUFA/Drivers/USB/Core/EndpointStream.o
 .text.Endpoint_Write_Stream_LE
                0x00000000       0xc2 ../LUFA/Drivers/USB/Core/EndpointStream.o
 .text.Endpoint_Write_Stream_BE
                0x00000000       0xb2 ../LUFA/Drivers/USB/Core/EndpointStream.o
 .text.Endpoint_Read_Stream_LE
                0x00000000       0xc2 ../LUFA/Drivers/USB/Core/EndpointStream.o
 .text.Endpoint_Read_Stream_BE
                0x00000000       0xb2 ../LUFA/Drivers/USB/Core/EndpointStream.o
 .text.Endpoint_Write_PStream_LE
                0x00000000       0xc8 ../LUFA/Drivers/USB/Core/EndpointStream.o
 .text.Endpoint_Write_PStream_BE
                0x00000000       0xb4 ../LUFA/Drivers/USB/Core/EndpointStream.o
 .text.Endpoint_Write_EStream_LE
                0x00000000       0xc8 ../LUFA/Drivers/USB/Core/EndpointStream.o
 .text.Endpoint_Write_EStream_BE
                0x00000000       0xb4 ../LUFA/Drivers/USB/Core/EndpointStream.o
 .text.Endpoint_Read_EStream_LE
                0x00000000       0xc6 ../LUFA/Drivers/USB/Core/EndpointStream.o
 .text.Endpoint_Read_EStream_BE
                0x00000000       0xb8 ../LUFA/Drivers/USB/Core/EndpointStream.o
 .text.Endpoint_Write_Control_Stream_BE
                0x00000000       0xc6 ../LUFA/Drivers/USB/Core/EndpointStream.o
 .text.Endpoint_Read_Control_Stream_BE
                0x00000000       0x88 ../LUFA/Drivers/USB/Core/EndpointStream.o
 .text.Endpoint_Write_Control_PStream_LE
                0x00000000       0xc4 ../LUFA/Drivers/USB/Core/EndpointStream.o
 .text.Endpoint_Write_Control_PStream_BE
                0x00000000       0xc8 ../LUFA/Drivers/USB/Core/EndpointStream.o
 .text.Endpoint_Write_Control_EStream_LE
                0x00000000       0xe4 ../LUFA/Drivers/USB/Core/EndpointStream.o
 .text.Endpoint_Write_Control_EStream_BE
                0x00000000       0xec ../LUFA/Drivers/USB/Core/EndpointStream.o
 .text.Endpoint_Read_Control_EStream_LE
                0x00000000       0x9a ../LUFA/Drivers/USB/Core/EndpointStream.o
 .text.Endpoint_Read_Control_EStream_BE
                0x00000000       0xa0 ../LUFA/Drivers/USB/Core/EndpointStream.o
 .text          0x00000000        0x0 ../LUFA/Drivers/USB/Core/HostStandardReq.o
 .data          0x00000000        0x0 ../LUFA/Drivers/USB/Core/HostStandardReq.o
 .bss           0x00000000        0x0 ../LUFA/Drivers/USB/Core/HostStandardReq.o
 .text          0x00000000        0x0 ../LUFA/Drivers/USB/Core/PipeStream.o
 .data          0x00000000        0x0 ../LUFA/Drivers/USB/Core/PipeStream.o
 .bss           0x00000000        0x0 ../LUFA/Drivers/USB/Core/PipeStream.o
 .text          0x00000000        0x0 ../LUFA/Drivers/USB/Core/USBTask.o
 .data          0x00000000        0x0 ../LUFA/Drivers/USB/Core/USBTask.o
 .bss           0x00000000        0x0 ../LUFA/Drivers/USB/Core/USBTask.o
 .text          0x00000000        0x0 ../LUFA/Drivers/USB/Class/Common/HIDParser.o
 .data          0x00000000        0x0 ../LUFA/Drivers/USB/Class/Common/HIDParser.o
 .bss           0x00000000        0x0 ../LUFA/Drivers/USB/Class/Common/HIDParser.o
 .text.USB_ProcessHIDReport
                0x00000000      0x77a ../LUFA/Drivers/USB/Class/Common/HIDParser.o
 .text.USB_GetHIDReportItemInfo
                0x00000000       0xb6 ../LUFA/Drivers/USB/Class/Common/HIDParser.o
 .text.USB_SetHIDReportItemInfo
                0x00000000       0xc2 ../LUFA/Drivers/USB/Class/Common/HIDParser.o
 .text.USB_GetHIDReportSize
                0x00000000       0x58 ../LUFA/Drivers/USB/Class/Common/HIDParser.o
 .text          0x00000000        0x0 c:/no_install_programs/mhvavrtools/bin/../lib/gcc/avr/4.5.1/avr5\libgcc.a(_exit.o)
 .data          0x00000000        0x0 c:/no_install_programs/mhvavrtools/bin/../lib/gcc/avr/4.5.1/avr5\libgcc.a(_exit.o)
 .bss           0x00000000        0x0 c:/no_install_programs/mhvavrtools/bin/../lib/gcc/avr/4.5.1/avr5\libgcc.a(_exit.o)
 .text.libgcc   0x00000000        0x0 c:/no_install_programs/mhvavrtools/bin/../lib/gcc/avr/4.5.1/avr5\libgcc.a(_exit.o)
 .text          0x00000000        0x0 c:/no_install_programs/mhvavrtools/bin/../lib/gcc/avr/4.5.1/avr5\libgcc.a(_copy_data.o)
 .data          0x00000000        0x0 c:/no_install_programs/mhvavrtools/bin/../lib/gcc/avr/4.5.1/avr5\libgcc.a(_copy_data.o)
 .bss           0x00000000        0x0 c:/no_install_programs/mhvavrtools/bin/../lib/gcc/avr/4.5.1/avr5\libgcc.a(_copy_data.o)
 .text.libgcc   0x00000000        0x0 c:/no_install_programs/mhvavrtools/bin/../lib/gcc/avr/4.5.1/avr5\libgcc.a(_copy_data.o)
 .text          0x00000000        0x0 c:/no_install_programs/mhvavrtools/bin/../lib/gcc/avr/4.5.1/avr5\libgcc.a(_clear_bss.o)
 .data          0x00000000        0x0 c:/no_install_programs/mhvavrtools/bin/../lib/gcc/avr/4.5.1/avr5\libgcc.a(_clear_bss.o)
 .bss           0x00000000        0x0 c:/no_install_programs/mhvavrtools/bin/../lib/gcc/avr/4.5.1/avr5\libgcc.a(_clear_bss.o)
 .text.libgcc   0x00000000        0x0 c:/no_install_programs/mhvavrtools/bin/../lib/gcc/avr/4.5.1/avr5\libgcc.a(_clear_bss.o)
 .text          0x00000000        0x0 c:/no_install_programs/mhvavrtools/bin/../lib/gcc/avr/4.5.1/../../../../avr/lib/avr5\libc.a(eerd_byte_atmega32u4.o)
 .data          0x00000000        0x0 c:/no_install_programs/mhvavrtools/bin/../lib/gcc/avr/4.5.1/../../../../avr/lib/avr5\libc.a(eerd_byte_atmega32u4.o)
 .bss           0x00000000        0x0 c:/no_install_programs/mhvavrtools/bin/../lib/gcc/avr/4.5.1/../../../../avr/lib/avr5\libc.a(eerd_byte_atmega32u4.o)
 .text          0x00000000        0x0 c:/no_install_programs/mhvavrtools/bin/../lib/gcc/avr/4.5.1/../../../../avr/lib/avr5\libc.a(eeupd_byte_atmega32u4.o)
 .data          0x00000000        0x0 c:/no_install_programs/mhvavrtools/bin/../lib/gcc/avr/4.5.1/../../../../avr/lib/avr5\libc.a(eeupd_byte_atmega32u4.o)
 .bss           0x00000000        0x0 c:/no_install_programs/mhvavrtools/bin/../lib/gcc/avr/4.5.1/../../../../avr/lib/avr5\libc.a(eeupd_byte_atmega32u4.o)
 .text.avr-libc
                0x00000000       0x24 c:/no_install_programs/mhvavrtools/bin/../lib/gcc/avr/4.5.1/../../../../avr/lib/avr5\libc.a(eeupd_byte_atmega32u4.o)
 .text          0x00000000        0x0 c:/no_install_programs/mhvavrtools/bin/../lib/gcc/avr/4.5.1/../../../../avr/lib/avr5\libc.a(eewr_byte_atmega32u4.o)
 .data          0x00000000        0x0 c:/no_install_programs/mhvavrtools/bin/../lib/gcc/avr/4.5.1/../../../../avr/lib/avr5\libc.a(eewr_byte_atmega32u4.o)
 .bss           0x00000000        0x0 c:/no_install_programs/mhvavrtools/bin/../lib/gcc/avr/4.5.1/../../../../avr/lib/avr5\libc.a(eewr_byte_atmega32u4.o)

Memory Configuration

Name             Origin             Length             Attributes
text             0x00000000         0x00020000         xr
data             0x00800060         0x0000ffa0         rw !x
eeprom           0x00810000         0x00010000         rw !x
fuse             0x00820000         0x00000400         rw !x
lock             0x00830000         0x00000400         rw !x
signature        0x00840000         0x00000400         rw !x
*default*        0x00000000         0xffffffff

Linker script and memory map

Address of section .data set to 0x800100
LOAD c:/no_install_programs/mhvavrtools/bin/../lib/gcc/avr/4.5.1/../../../../avr/lib/avr5/crtm32u4.o
LOAD BootloaderCDC.o
LOAD Descriptors.o
LOAD ../LUFA/Drivers/USB/Core/AVR8/Device_AVR8.o
LOAD ../LUFA/Drivers/USB/Core/AVR8/Endpoint_AVR8.o
LOAD ../LUFA/Drivers/USB/Core/AVR8/Host_AVR8.o
LOAD ../LUFA/Drivers/USB/Core/AVR8/Pipe_AVR8.o
LOAD ../LUFA/Drivers/USB/Core/AVR8/USBController_AVR8.o
LOAD ../LUFA/Drivers/USB/Core/AVR8/USBInterrupt_AVR8.o
LOAD ../LUFA/Drivers/USB/Core/ConfigDescriptor.o
LOAD ../LUFA/Drivers/USB/Core/DeviceStandardReq.o
LOAD ../LUFA/Drivers/USB/Core/Events.o
LOAD ../LUFA/Drivers/USB/Core/EndpointStream.o
LOAD ../LUFA/Drivers/USB/Core/HostStandardReq.o
LOAD ../LUFA/Drivers/USB/Core/PipeStream.o
LOAD ../LUFA/Drivers/USB/Core/USBTask.o
LOAD ../LUFA/Drivers/USB/Class/Common/HIDParser.o
Address of section .text set to 0x7000
LOAD c:/no_install_programs/mhvavrtools/bin/../lib/gcc/avr/4.5.1/../../../../avr/lib/avr5\libm.a
LOAD c:/no_install_programs/mhvavrtools/bin/../lib/gcc/avr/4.5.1/avr5\libgcc.a
LOAD c:/no_install_programs/mhvavrtools/bin/../lib/gcc/avr/4.5.1/../../../../avr/lib/avr5\libc.a
LOAD c:/no_install_programs/mhvavrtools/bin/../lib/gcc/avr/4.5.1/avr5\libgcc.a

.hash
 *(.hash)

.dynsym
 *(.dynsym)

.dynstr
 *(.dynstr)

.gnu.version
 *(.gnu.version)

.gnu.version_d
 *(.gnu.version_d)

.gnu.version_r
 *(.gnu.version_r)

.rel.init
 *(.rel.init)

.rela.init
 *(.rela.init)

.rel.text
 *(.rel.text)
 *(.rel.text.*)
 *(.rel.gnu.linkonce.t*)

.rela.text
 *(.rela.text)
 *(.rela.text.*)
 *(.rela.gnu.linkonce.t*)

.rel.fini
 *(.rel.fini)

.rela.fini
 *(.rela.fini)

.rel.rodata
 *(.rel.rodata)
 *(.rel.rodata.*)
 *(.rel.gnu.linkonce.r*)

.rela.rodata
 *(.rela.rodata)
 *(.rela.rodata.*)
 *(.rela.gnu.linkonce.r*)

.rel.data
 *(.rel.data)
 *(.rel.data.*)
 *(.rel.gnu.linkonce.d*)

.rela.data
 *(.rela.data)
 *(.rela.data.*)
 *(.rela.gnu.linkonce.d*)

.rel.ctors
 *(.rel.ctors)

.rela.ctors
 *(.rela.ctors)

.rel.dtors
 *(.rel.dtors)

.rela.dtors
 *(.rela.dtors)

.rel.got
 *(.rel.got)

.rela.got
 *(.rela.got)

.rel.bss
 *(.rel.bss)

.rela.bss
 *(.rela.bss)

.rel.plt
 *(.rel.plt)

.rela.plt
 *(.rela.plt)

.text           0x00007000      0xda8
 *(.vectors)
 .vectors       0x00007000       0xac c:/no_install_programs/mhvavrtools/bin/../lib/gcc/avr/4.5.1/../../../../avr/lib/avr5/crtm32u4.o
                0x00007000                __vector_default
                0x00007000                __vectors
 *(.vectors)
 *(.progmem.gcc*)
 *(.progmem*)
                0x000070ac                . = ALIGN (0x2)
                0x000070ac                __trampolines_start = .
 *(.trampolines)
 .trampolines   0x000070ac        0x0 linker stubs
 *(.trampolines*)
                0x000070ac                __trampolines_end = .
 *(.jumptables)
 *(.jumptables*)
 *(.lowtext)
 *(.lowtext*)
                0x000070ac                __ctors_start = .
 *(.ctors)
                0x000070ac                __ctors_end = .
                0x000070ac                __dtors_start = .
 *(.dtors)
                0x000070ac                __dtors_end = .
 SORT(*)(.ctors)
 SORT(*)(.dtors)
 *(.init0)
 .init0         0x000070ac        0x0 c:/no_install_programs/mhvavrtools/bin/../lib/gcc/avr/4.5.1/../../../../avr/lib/avr5/crtm32u4.o
                0x000070ac                __init
 *(.init0)
 *(.init1)
 *(.init1)
 *(.init2)
 .init2         0x000070ac        0xc c:/no_install_programs/mhvavrtools/bin/../lib/gcc/avr/4.5.1/../../../../avr/lib/avr5/crtm32u4.o
 *(.init2)
 *(.init3)
 *(.init3)
 *(.init4)
 .init4         0x000070b8       0x16 c:/no_install_programs/mhvavrtools/bin/../lib/gcc/avr/4.5.1/avr5\libgcc.a(_copy_data.o)
                0x000070b8                __do_copy_data
 .init4         0x000070ce       0x10 c:/no_install_programs/mhvavrtools/bin/../lib/gcc/avr/4.5.1/avr5\libgcc.a(_clear_bss.o)
                0x000070ce                __do_clear_bss
 *(.init4)
 *(.init5)
 *(.init5)
 *(.init6)
 *(.init6)
 *(.init7)
 *(.init7)
 *(.init8)
 *(.init8)
 *(.init9)
 .init9         0x000070de        0x4 c:/no_install_programs/mhvavrtools/bin/../lib/gcc/avr/4.5.1/../../../../avr/lib/avr5/crtm32u4.o
 *(.init9)
 *(.text)
 .text          0x000070e2        0x2 c:/no_install_programs/mhvavrtools/bin/../lib/gcc/avr/4.5.1/../../../../avr/lib/avr5/crtm32u4.o
                0x000070e2                __vector_38
                0x000070e2                __vector_22
                0x000070e2                __vector_28
                0x000070e2                __vector_1
                0x000070e2                __vector_32
                0x000070e2                __vector_34
                0x000070e2                __vector_24
                0x000070e2                __vector_12
                0x000070e2                __bad_interrupt
                0x000070e2                __vector_6
                0x000070e2                __vector_31
                0x000070e2                __vector_35
                0x000070e2                __vector_39
                0x000070e2                __vector_3
                0x000070e2                __vector_23
                0x000070e2                __vector_30
                0x000070e2                __vector_25
                0x000070e2                __vector_11
                0x000070e2                __vector_13
                0x000070e2                __vector_17
                0x000070e2                __vector_19
                0x000070e2                __vector_7
                0x000070e2                __vector_41
                0x000070e2                __vector_27
                0x000070e2                __vector_5
                0x000070e2                __vector_33
                0x000070e2                __vector_37
                0x000070e2                __vector_4
                0x000070e2                __vector_9
                0x000070e2                __vector_2
                0x000070e2                __vector_21
                0x000070e2                __vector_15
                0x000070e2                __vector_36
                0x000070e2                __vector_29
                0x000070e2                __vector_40
                0x000070e2                __vector_8
                0x000070e2                __vector_26
                0x000070e2                __vector_14
                0x000070e2                __vector_16
                0x000070e2                __vector_18
                0x000070e2                __vector_20
                0x000070e2                __vector_42
                0x000070e4                . = ALIGN (0x2)
 *(.text.*)
 .text.FetchNextCommandByte
                0x000070e4       0x34 BootloaderCDC.o
 .text.WriteNextResponseByte
                0x00007118       0x2e BootloaderCDC.o
 .text.exit_bootloader
                0x00007146        0xe BootloaderCDC.o
                0x00007146                exit_bootloader
 .text.SetupHardware
                0x00007154       0x30 BootloaderCDC.o
                0x00007154                SetupHardware
 .text.EVENT_USB_Device_ConfigurationChanged
                0x00007184       0x18 BootloaderCDC.o
                0x00007184                EVENT_USB_Device_ConfigurationChanged
 .text.EVENT_USB_Device_ControlRequest
                0x0000719c       0x60 BootloaderCDC.o
                0x0000719c                EVENT_USB_Device_ControlRequest
 .text.CDC_Task
                0x000071fc      0x4cc BootloaderCDC.o
                0x000071fc                CDC_Task
 .text.main     0x000076c8       0x3e BootloaderCDC.o
                0x000076c8                main
 .text.CALLBACK_USB_GetDescriptor
                0x00007706       0x4a Descriptors.o
                0x00007706                CALLBACK_USB_GetDescriptor
 .text.Endpoint_ConfigureEndpoint_Prv
                0x00007750       0x26 ../LUFA/Drivers/USB/Core/AVR8/Endpoint_AVR8.o
                0x00007750                Endpoint_ConfigureEndpoint_Prv
 .text.Endpoint_ClearStatusStage
                0x00007776       0x3e ../LUFA/Drivers/USB/Core/AVR8/Endpoint_AVR8.o
                0x00007776                Endpoint_ClearStatusStage
 .text.USB_ResetInterface
                0x000077b4       0x76 ../LUFA/Drivers/USB/Core/AVR8/USBController_AVR8.o
                0x000077b4                USB_ResetInterface
 .text.USB_Init
                0x0000782a       0x16 ../LUFA/Drivers/USB/Core/AVR8/USBController_AVR8.o
                0x0000782a                USB_Init
 .text.USB_INT_DisableAllInterrupts
                0x00007840       0x10 ../LUFA/Drivers/USB/Core/AVR8/USBInterrupt_AVR8.o
                0x00007840                USB_INT_DisableAllInterrupts
 .text.USB_INT_ClearAllInterrupts
                0x00007850        0xa ../LUFA/Drivers/USB/Core/AVR8/USBInterrupt_AVR8.o
                0x00007850                USB_INT_ClearAllInterrupts
 .text.__vector_10
                0x0000785a      0x166 ../LUFA/Drivers/USB/Core/AVR8/USBInterrupt_AVR8.o
                0x0000785a                __vector_10
 .text.USB_Device_ProcessControlRequest
                0x000079c0      0x248 ../LUFA/Drivers/USB/Core/DeviceStandardReq.o
                0x000079c0                USB_Device_ProcessControlRequest
 .text.USB_Event_Stub
                0x00007c08        0x2 ../LUFA/Drivers/USB/Core/Events.o
                0x00007c08                EVENT_USB_Device_WakeUp
                0x00007c08                USB_Event_Stub
                0x00007c08                EVENT_USB_Device_Suspend
                0x00007c08                EVENT_USB_Device_StartOfFrame
                0x00007c08                EVENT_USB_Device_Disconnect
                0x00007c08                EVENT_USB_Device_Reset
                0x00007c08                EVENT_USB_Device_Connect
 .text.Endpoint_Write_Control_Stream_LE
                0x00007c0a       0xc2 ../LUFA/Drivers/USB/Core/EndpointStream.o
                0x00007c0a                Endpoint_Write_Control_Stream_LE
 .text.Endpoint_Read_Control_Stream_LE
                0x00007ccc       0x88 ../LUFA/Drivers/USB/Core/EndpointStream.o
                0x00007ccc                Endpoint_Read_Control_Stream_LE
 .text.USB_USBTask
                0x00007d54       0x24 ../LUFA/Drivers/USB/Core/USBTask.o
                0x00007d54                USB_USBTask
 .text.avr-libc
                0x00007d78       0x10 c:/no_install_programs/mhvavrtools/bin/../lib/gcc/avr/4.5.1/../../../../avr/lib/avr5\libc.a(eerd_byte_atmega32u4.o)
                0x00007d78                __eerd_byte_m32u4
 .text.avr-libc
                0x00007d88       0x1c c:/no_install_programs/mhvavrtools/bin/../lib/gcc/avr/4.5.1/../../../../avr/lib/avr5\libc.a(eewr_byte_atmega32u4.o)
                0x00007d88                __eewr_byte_m32u4
                0x00007d8a                __eewr_r18_m32u4
                0x00007da4                . = ALIGN (0x2)
 *(.fini9)
 .fini9         0x00007da4        0x0 c:/no_install_programs/mhvavrtools/bin/../lib/gcc/avr/4.5.1/avr5\libgcc.a(_exit.o)
                0x00007da4                _exit
                0x00007da4                exit
 *(.fini9)
 *(.fini8)
 *(.fini8)
 *(.fini7)
 *(.fini7)
 *(.fini6)
 *(.fini6)
 *(.fini5)
 *(.fini5)
 *(.fini4)
 *(.fini4)
 *(.fini3)
 *(.fini3)
 *(.fini2)
 *(.fini2)
 *(.fini1)
 *(.fini1)
 *(.fini0)
 .fini0         0x00007da4        0x4 c:/no_install_programs/mhvavrtools/bin/../lib/gcc/avr/4.5.1/avr5\libgcc.a(_exit.o)
 *(.fini0)
                0x00007da8                _etext = .

.data           0x00800100       0x8c load address 0x00007da8
                0x00800100                PROVIDE (__data_start, .)
 *(.data)
 .data          0x00800100       0x10 BootloaderCDC.o
 .data          0x00800110       0x7c Descriptors.o
                0x00800110                DeviceDescriptor
                0x00800122                ConfigurationDescriptor
                0x00800160                LanguageString
                0x00800164                ProductString
 *(.data*)
 *(.rodata)
 *(.rodata*)
 *(.gnu.linkonce.d*)
                0x0080018c                . = ALIGN (0x2)
                0x0080018c                _edata = .
                0x0080018c                PROVIDE (__data_end, .)

.bss            0x0080018c       0x10
                0x0080018c                PROVIDE (__bss_start, .)
 *(.bss)
 .bss           0x0080018c        0x6 BootloaderCDC.o
                0x0080018c                app_start
 *(.bss*)
 *(COMMON)
 COMMON         0x00800192        0x1 ../LUFA/Drivers/USB/Core/DeviceStandardReq.o
                0x00800192                USB_ConfigurationNumber
 COMMON         0x00800193        0x9 ../LUFA/Drivers/USB/Core/USBTask.o
                0x00800193                USB_IsInitialized
                0x00800194                USB_ControlRequest
                0x0080019c                PROVIDE (__bss_end, .)
                0x00007da8                __data_load_start = LOADADDR (.data)
                0x00007e34                __data_load_end = (__data_load_start + SIZEOF (.data))

.noinit         0x0080019c        0x0
                0x0080019c                PROVIDE (__noinit_start, .)
 *(.noinit*)
                0x0080019c                PROVIDE (__noinit_end, .)
                0x0080019c                _end = .
                0x0080019c                PROVIDE (__heap_start, .)

.eeprom         0x00810000        0x0
 *(.eeprom*)
                0x00810000                __eeprom_end = .

.fuse
 *(.fuse)
 *(.lfuse)
 *(.hfuse)
 *(.efuse)

.lock
 *(.lock*)

.signature
 *(.signature*)

.stab
 *(.stab)

.stabstr
 *(.stabstr)

.stab.excl
 *(.stab.excl)

.stab.exclstr
 *(.stab.exclstr)

.stab.index
 *(.stab.index)

.stab.indexstr
 *(.stab.indexstr)

.comment
 *(.comment)

.debug
 *(.debug)

.line
 *(.line)

.debug_srcinfo
 *(.debug_srcinfo)

.debug_sfnames
 *(.debug_sfnames)

.debug_aranges  0x00000000      0x2c8
 *(.debug_aranges)
 .debug_aranges
                0x00000000       0x58 BootloaderCDC.o
 .debug_aranges
                0x00000058       0x20 Descriptors.o
 .debug_aranges
                0x00000078       0x20 ../LUFA/Drivers/USB/Core/AVR8/Device_AVR8.o
 .debug_aranges
                0x00000098       0x38 ../LUFA/Drivers/USB/Core/AVR8/Endpoint_AVR8.o
 .debug_aranges
                0x000000d0       0x30 ../LUFA/Drivers/USB/Core/AVR8/USBController_AVR8.o
 .debug_aranges
                0x00000100       0x30 ../LUFA/Drivers/USB/Core/AVR8/USBInterrupt_AVR8.o
 .debug_aranges
                0x00000130       0x38 ../LUFA/Drivers/USB/Core/ConfigDescriptor.o
 .debug_aranges
                0x00000168       0x20 ../LUFA/Drivers/USB/Core/DeviceStandardReq.o
 .debug_aranges
                0x00000188       0x20 ../LUFA/Drivers/USB/Core/Events.o
 .debug_aranges
                0x000001a8       0xc8 ../LUFA/Drivers/USB/Core/EndpointStream.o
 .debug_aranges
                0x00000270       0x20 ../LUFA/Drivers/USB/Core/USBTask.o
 .debug_aranges
                0x00000290       0x38 ../LUFA/Drivers/USB/Class/Common/HIDParser.o

.debug_pubnames
                0x00000000      0x755
 *(.debug_pubnames)
 .debug_pubnames
                0x00000000       0xaa BootloaderCDC.o
 .debug_pubnames
                0x000000aa       0x87 Descriptors.o
 .debug_pubnames
                0x00000131       0x32 ../LUFA/Drivers/USB/Core/AVR8/Device_AVR8.o
 .debug_pubnames
                0x00000163       0x8b ../LUFA/Drivers/USB/Core/AVR8/Endpoint_AVR8.o
 .debug_pubnames
                0x000001ee       0x46 ../LUFA/Drivers/USB/Core/AVR8/USBController_AVR8.o
 .debug_pubnames
                0x00000234       0x62 ../LUFA/Drivers/USB/Core/AVR8/USBInterrupt_AVR8.o
 .debug_pubnames
                0x00000296       0x9b ../LUFA/Drivers/USB/Core/ConfigDescriptor.o
 .debug_pubnames
                0x00000331       0x53 ../LUFA/Drivers/USB/Core/DeviceStandardReq.o
 .debug_pubnames
                0x00000384       0x25 ../LUFA/Drivers/USB/Core/Events.o
 .debug_pubnames
                0x000003a9      0x2df ../LUFA/Drivers/USB/Core/EndpointStream.o
 .debug_pubnames
                0x00000688       0x4f ../LUFA/Drivers/USB/Core/USBTask.o
 .debug_pubnames
                0x000006d7       0x7e ../LUFA/Drivers/USB/Class/Common/HIDParser.o

.debug_info     0x00000000     0x4902
 *(.debug_info)
 .debug_info    0x00000000      0x9a1 BootloaderCDC.o
 .debug_info    0x000009a1      0x677 Descriptors.o
 .debug_info    0x00001018       0xd8 ../LUFA/Drivers/USB/Core/AVR8/Device_AVR8.o
 .debug_info    0x000010f0      0x3f0 ../LUFA/Drivers/USB/Core/AVR8/Endpoint_AVR8.o
 .debug_info    0x000014e0        0x0 ../LUFA/Drivers/USB/Core/AVR8/Host_AVR8.o
 .debug_info    0x000014e0        0x0 ../LUFA/Drivers/USB/Core/AVR8/Pipe_AVR8.o
 .debug_info    0x000014e0      0x459 ../LUFA/Drivers/USB/Core/AVR8/USBController_AVR8.o
 .debug_info    0x00001939      0x565 ../LUFA/Drivers/USB/Core/AVR8/USBInterrupt_AVR8.o
 .debug_info    0x00001e9e      0x38f ../LUFA/Drivers/USB/Core/ConfigDescriptor.o
 .debug_info    0x0000222d      0x7e3 ../LUFA/Drivers/USB/Core/DeviceStandardReq.o
 .debug_info    0x00002a10       0x85 ../LUFA/Drivers/USB/Core/Events.o
 .debug_info    0x00002a95     0x154d ../LUFA/Drivers/USB/Core/EndpointStream.o
 .debug_info    0x00003fe2        0x0 ../LUFA/Drivers/USB/Core/HostStandardReq.o
 .debug_info    0x00003fe2        0x0 ../LUFA/Drivers/USB/Core/PipeStream.o
 .debug_info    0x00003fe2      0x227 ../LUFA/Drivers/USB/Core/USBTask.o
 .debug_info    0x00004209      0x6f9 ../LUFA/Drivers/USB/Class/Common/HIDParser.o
 *(.gnu.linkonce.wi.*)

.debug_abbrev   0x00000000     0x1163
 *(.debug_abbrev)
 .debug_abbrev  0x00000000      0x2fb BootloaderCDC.o
 .debug_abbrev  0x000002fb      0x132 Descriptors.o
 .debug_abbrev  0x0000042d       0x7d ../LUFA/Drivers/USB/Core/AVR8/Device_AVR8.o
 .debug_abbrev  0x000004aa      0x172 ../LUFA/Drivers/USB/Core/AVR8/Endpoint_AVR8.o
 .debug_abbrev  0x0000061c        0x1 ../LUFA/Drivers/USB/Core/AVR8/Host_AVR8.o
 .debug_abbrev  0x0000061d        0x1 ../LUFA/Drivers/USB/Core/AVR8/Pipe_AVR8.o
 .debug_abbrev  0x0000061e      0x16b ../LUFA/Drivers/USB/Core/AVR8/USBController_AVR8.o
 .debug_abbrev  0x00000789      0x165 ../LUFA/Drivers/USB/Core/AVR8/USBInterrupt_AVR8.o
 .debug_abbrev  0x000008ee      0x155 ../LUFA/Drivers/USB/Core/ConfigDescriptor.o
 .debug_abbrev  0x00000a43      0x238 ../LUFA/Drivers/USB/Core/DeviceStandardReq.o
 .debug_abbrev  0x00000c7b       0x41 ../LUFA/Drivers/USB/Core/Events.o
 .debug_abbrev  0x00000cbc      0x17a ../LUFA/Drivers/USB/Core/EndpointStream.o
 .debug_abbrev  0x00000e36        0x1 ../LUFA/Drivers/USB/Core/HostStandardReq.o
 .debug_abbrev  0x00000e37        0x1 ../LUFA/Drivers/USB/Core/PipeStream.o
 .debug_abbrev  0x00000e38      0x13f ../LUFA/Drivers/USB/Core/USBTask.o
 .debug_abbrev  0x00000f77      0x1ec ../LUFA/Drivers/USB/Class/Common/HIDParser.o

.debug_line     0x00000000     0x468c
 *(.debug_line)
 .debug_line    0x00000000      0x93c BootloaderCDC.o
 .debug_line    0x0000093c      0x206 Descriptors.o
 .debug_line    0x00000b42      0x184 ../LUFA/Drivers/USB/Core/AVR8/Device_AVR8.o
 .debug_line    0x00000cc6      0x44d ../LUFA/Drivers/USB/Core/AVR8/Endpoint_AVR8.o
 .debug_line    0x00001113       0x24 ../LUFA/Drivers/USB/Core/AVR8/Host_AVR8.o
 .debug_line    0x00001137       0x24 ../LUFA/Drivers/USB/Core/AVR8/Pipe_AVR8.o
 .debug_line    0x0000115b      0x367 ../LUFA/Drivers/USB/Core/AVR8/USBController_AVR8.o
 .debug_line    0x000014c2      0x4f5 ../LUFA/Drivers/USB/Core/AVR8/USBInterrupt_AVR8.o
 .debug_line    0x000019b7      0x28c ../LUFA/Drivers/USB/Core/ConfigDescriptor.o
 .debug_line    0x00001c43      0x597 ../LUFA/Drivers/USB/Core/DeviceStandardReq.o
 .debug_line    0x000021da       0x80 ../LUFA/Drivers/USB/Core/Events.o
 .debug_line    0x0000225a     0x1ab3 ../LUFA/Drivers/USB/Core/EndpointStream.o
 .debug_line    0x00003d0d       0x24 ../LUFA/Drivers/USB/Core/HostStandardReq.o
 .debug_line    0x00003d31       0x24 ../LUFA/Drivers/USB/Core/PipeStream.o
 .debug_line    0x00003d55      0x1c4 ../LUFA/Drivers/USB/Core/USBTask.o
 .debug_line    0x00003f19      0x773 ../LUFA/Drivers/USB/Class/Common/HIDParser.o

.debug_frame    0x00000000      0x410
 *(.debug_frame)
 .debug_frame   0x00000000       0x90 BootloaderCDC.o
 .debug_frame   0x00000090       0x20 Descriptors.o
 .debug_frame   0x000000b0       0x20 ../LUFA/Drivers/USB/Core/AVR8/Device_AVR8.o
 .debug_frame   0x000000d0       0x50 ../LUFA/Drivers/USB/Core/AVR8/Endpoint_AVR8.o
 .debug_frame   0x00000120       0x40 ../LUFA/Drivers/USB/Core/AVR8/USBController_AVR8.o
 .debug_frame   0x00000160       0x40 ../LUFA/Drivers/USB/Core/AVR8/USBInterrupt_AVR8.o
 .debug_frame   0x000001a0       0x50 ../LUFA/Drivers/USB/Core/ConfigDescriptor.o
 .debug_frame   0x000001f0       0x20 ../LUFA/Drivers/USB/Core/DeviceStandardReq.o
 .debug_frame   0x00000210       0x20 ../LUFA/Drivers/USB/Core/Events.o
 .debug_frame   0x00000230      0x170 ../LUFA/Drivers/USB/Core/EndpointStream.o
 .debug_frame   0x000003a0       0x20 ../LUFA/Drivers/USB/Core/USBTask.o
 .debug_frame   0x000003c0       0x50 ../LUFA/Drivers/USB/Class/Common/HIDParser.o

.debug_str      0x00000000     0x21d9
 *(.debug_str)
 .debug_str     0x00000000      0x6a1 BootloaderCDC.o
                                0x72f (size before relaxing)
 .debug_str     0x000006a1      0x61a Descriptors.o
                                0x76d (size before relaxing)
 .debug_str     0x00000cbb       0x74 ../LUFA/Drivers/USB/Core/AVR8/Device_AVR8.o
                                0x154 (size before relaxing)
 .debug_str     0x00000d2f      0x253 ../LUFA/Drivers/USB/Core/AVR8/Endpoint_AVR8.o
                                0x4a8 (size before relaxing)
 .debug_str     0x00000f82      0x1fe ../LUFA/Drivers/USB/Core/AVR8/USBController_AVR8.o
                                0x40f (size before relaxing)
 .debug_str     0x00001180       0xe6 ../LUFA/Drivers/USB/Core/AVR8/USBInterrupt_AVR8.o
                                0x3bb (size before relaxing)
 .debug_str     0x00001266      0x22d ../LUFA/Drivers/USB/Core/ConfigDescriptor.o
                                0x33b (size before relaxing)
 .debug_str     0x00001493      0x389 ../LUFA/Drivers/USB/Core/DeviceStandardReq.o
                                0x66e (size before relaxing)
 .debug_str     0x0000181c       0x31 ../LUFA/Drivers/USB/Core/Events.o
                                0x103 (size before relaxing)
 .debug_str     0x0000184d      0x497 ../LUFA/Drivers/USB/Core/EndpointStream.o
                                0x760 (size before relaxing)
 .debug_str     0x00001ce4       0x67 ../LUFA/Drivers/USB/Core/USBTask.o
                                0x293 (size before relaxing)
 .debug_str     0x00001d4b      0x48e ../LUFA/Drivers/USB/Class/Common/HIDParser.o
                                0x5f1 (size before relaxing)

.debug_loc      0x00000000     0x2d76
 *(.debug_loc)
 .debug_loc     0x00000000      0x319 BootloaderCDC.o
 .debug_loc     0x00000319      0x110 Descriptors.o
 .debug_loc     0x00000429      0x157 ../LUFA/Drivers/USB/Core/AVR8/Endpoint_AVR8.o
 .debug_loc     0x00000580       0x13 ../LUFA/Drivers/USB/Core/AVR8/USBController_AVR8.o
 .debug_loc     0x00000593      0x17c ../LUFA/Drivers/USB/Core/AVR8/USBInterrupt_AVR8.o
 .debug_loc     0x0000070f      0x2bc ../LUFA/Drivers/USB/Core/ConfigDescriptor.o
 .debug_loc     0x000009cb      0x18d ../LUFA/Drivers/USB/Core/DeviceStandardReq.o
 .debug_loc     0x00000b58     0x1972 ../LUFA/Drivers/USB/Core/EndpointStream.o
 .debug_loc     0x000024ca       0x27 ../LUFA/Drivers/USB/Core/USBTask.o
 .debug_loc     0x000024f1      0x885 ../LUFA/Drivers/USB/Class/Common/HIDParser.o

.debug_macinfo
 *(.debug_macinfo)
OUTPUT(BootloaderCDC.elf elf32-avr)
LOAD linker stubs

.debug_pubtypes
                0x00000000      0x7e6
 .debug_pubtypes
                0x00000000       0xfc BootloaderCDC.o
 .debug_pubtypes
                0x000000fc      0x1d4 Descriptors.o
 .debug_pubtypes
                0x000002d0       0x1e ../LUFA/Drivers/USB/Core/AVR8/Device_AVR8.o
 .debug_pubtypes
                0x000002ee       0x85 ../LUFA/Drivers/USB/Core/AVR8/Endpoint_AVR8.o
 .debug_pubtypes
                0x00000373       0x68 ../LUFA/Drivers/USB/Core/AVR8/USBController_AVR8.o
 .debug_pubtypes
                0x000003db       0x58 ../LUFA/Drivers/USB/Core/AVR8/USBInterrupt_AVR8.o
 .debug_pubtypes
                0x00000433       0xb4 ../LUFA/Drivers/USB/Core/ConfigDescriptor.o
 .debug_pubtypes
                0x000004e7       0xa1 ../LUFA/Drivers/USB/Core/DeviceStandardReq.o
 .debug_pubtypes
                0x00000588       0x12 ../LUFA/Drivers/USB/Core/Events.o
 .debug_pubtypes
                0x0000059a       0xab ../LUFA/Drivers/USB/Core/EndpointStream.o
 .debug_pubtypes
                0x00000645       0x5c ../LUFA/Drivers/USB/Core/USBTask.o
 .debug_pubtypes
                0x000006a1      0x145 ../LUFA/Drivers/USB/Class/Common/HIDParser.o

.debug_ranges   0x00000000      0x4d8
 .debug_ranges  0x00000000       0x60 BootloaderCDC.o
 .debug_ranges  0x00000060       0x10 Descriptors.o
 .debug_ranges  0x00000070       0x10 ../LUFA/Drivers/USB/Core/AVR8/Device_AVR8.o
 .debug_ranges  0x00000080       0x28 ../LUFA/Drivers/USB/Core/AVR8/Endpoint_AVR8.o
 .debug_ranges  0x000000a8       0x20 ../LUFA/Drivers/USB/Core/AVR8/USBController_AVR8.o
 .debug_ranges  0x000000c8       0x20 ../LUFA/Drivers/USB/Core/AVR8/USBInterrupt_AVR8.o
 .debug_ranges  0x000000e8       0x28 ../LUFA/Drivers/USB/Core/ConfigDescriptor.o
 .debug_ranges  0x00000110       0x10 ../LUFA/Drivers/USB/Core/DeviceStandardReq.o
 .debug_ranges  0x00000120       0x10 ../LUFA/Drivers/USB/Core/Events.o
 .debug_ranges  0x00000130      0x298 ../LUFA/Drivers/USB/Core/EndpointStream.o
 .debug_ranges  0x000003c8       0x10 ../LUFA/Drivers/USB/Core/USBTask.o
 .debug_ranges  0x000003d8      0x100 ../LUFA/Drivers/USB/Class/Common/HIDParser.o

Cross Reference Table

Symbol                                            File
CALLBACK_HIDParser_FilterHIDReportItem            ../LUFA/Drivers/USB/Class/Common/HIDParser.o
CALLBACK_USB_GetDescriptor                        Descriptors.o
                                                  ../LUFA/Drivers/USB/Core/DeviceStandardReq.o
CDC_Task                                          BootloaderCDC.o
ConfigurationDescriptor                           Descriptors.o
DeviceDescriptor                                  Descriptors.o
EVENT_USB_Device_ConfigurationChanged             BootloaderCDC.o
                                                  ../LUFA/Drivers/USB/Core/DeviceStandardReq.o
EVENT_USB_Device_Connect                          ../LUFA/Drivers/USB/Core/Events.o
                                                  ../LUFA/Drivers/USB/Core/AVR8/USBInterrupt_AVR8.o
EVENT_USB_Device_ControlRequest                   BootloaderCDC.o
                                                  ../LUFA/Drivers/USB/Core/DeviceStandardReq.o
EVENT_USB_Device_Disconnect                       ../LUFA/Drivers/USB/Core/Events.o
                                                  ../LUFA/Drivers/USB/Core/AVR8/USBInterrupt_AVR8.o
EVENT_USB_Device_Reset                            ../LUFA/Drivers/USB/Core/Events.o
                                                  ../LUFA/Drivers/USB/Core/AVR8/USBInterrupt_AVR8.o
EVENT_USB_Device_StartOfFrame                     ../LUFA/Drivers/USB/Core/Events.o
EVENT_USB_Device_Suspend                          ../LUFA/Drivers/USB/Core/Events.o
                                                  ../LUFA/Drivers/USB/Core/AVR8/USBInterrupt_AVR8.o
EVENT_USB_Device_WakeUp                           ../LUFA/Drivers/USB/Core/Events.o
                                                  ../LUFA/Drivers/USB/Core/AVR8/USBInterrupt_AVR8.o
Endpoint_ClearEndpoints                           ../LUFA/Drivers/USB/Core/AVR8/Endpoint_AVR8.o
Endpoint_ClearStatusStage                         ../LUFA/Drivers/USB/Core/AVR8/Endpoint_AVR8.o
                                                  ../LUFA/Drivers/USB/Core/DeviceStandardReq.o
Endpoint_ConfigureEndpoint_Prv                    ../LUFA/Drivers/USB/Core/AVR8/Endpoint_AVR8.o
                                                  ../LUFA/Drivers/USB/Core/AVR8/USBInterrupt_AVR8.o
                                                  ../LUFA/Drivers/USB/Core/AVR8/USBController_AVR8.o
                                                  BootloaderCDC.o
Endpoint_Discard_Stream                           ../LUFA/Drivers/USB/Core/EndpointStream.o
Endpoint_Null_Stream                              ../LUFA/Drivers/USB/Core/EndpointStream.o
Endpoint_Read_Control_EStream_BE                  ../LUFA/Drivers/USB/Core/EndpointStream.o
Endpoint_Read_Control_EStream_LE                  ../LUFA/Drivers/USB/Core/EndpointStream.o
Endpoint_Read_Control_Stream_BE                   ../LUFA/Drivers/USB/Core/EndpointStream.o
Endpoint_Read_Control_Stream_LE                   ../LUFA/Drivers/USB/Core/EndpointStream.o
                                                  BootloaderCDC.o
Endpoint_Read_EStream_BE                          ../LUFA/Drivers/USB/Core/EndpointStream.o
Endpoint_Read_EStream_LE                          ../LUFA/Drivers/USB/Core/EndpointStream.o
Endpoint_Read_Stream_BE                           ../LUFA/Drivers/USB/Core/EndpointStream.o
Endpoint_Read_Stream_LE                           ../LUFA/Drivers/USB/Core/EndpointStream.o
Endpoint_WaitUntilReady                           ../LUFA/Drivers/USB/Core/AVR8/Endpoint_AVR8.o
                                                  ../LUFA/Drivers/USB/Core/EndpointStream.o
Endpoint_Write_Control_EStream_BE                 ../LUFA/Drivers/USB/Core/EndpointStream.o
Endpoint_Write_Control_EStream_LE                 ../LUFA/Drivers/USB/Core/EndpointStream.o
Endpoint_Write_Control_PStream_BE                 ../LUFA/Drivers/USB/Core/EndpointStream.o
Endpoint_Write_Control_PStream_LE                 ../LUFA/Drivers/USB/Core/EndpointStream.o
Endpoint_Write_Control_Stream_BE                  ../LUFA/Drivers/USB/Core/EndpointStream.o
Endpoint_Write_Control_Stream_LE                  ../LUFA/Drivers/USB/Core/EndpointStream.o
                                                  ../LUFA/Drivers/USB/Core/DeviceStandardReq.o
                                                  BootloaderCDC.o
Endpoint_Write_EStream_BE                         ../LUFA/Drivers/USB/Core/EndpointStream.o
Endpoint_Write_EStream_LE                         ../LUFA/Drivers/USB/Core/EndpointStream.o
Endpoint_Write_PStream_BE                         ../LUFA/Drivers/USB/Core/EndpointStream.o
Endpoint_Write_PStream_LE                         ../LUFA/Drivers/USB/Core/EndpointStream.o
Endpoint_Write_Stream_BE                          ../LUFA/Drivers/USB/Core/EndpointStream.o
Endpoint_Write_Stream_LE                          ../LUFA/Drivers/USB/Core/EndpointStream.o
LanguageString                                    Descriptors.o
ProductString                                     Descriptors.o
SetupHardware                                     BootloaderCDC.o
USB_ConfigurationNumber                           ../LUFA/Drivers/USB/Core/DeviceStandardReq.o
                                                  ../LUFA/Drivers/USB/Core/AVR8/USBInterrupt_AVR8.o
                                                  ../LUFA/Drivers/USB/Core/AVR8/USBController_AVR8.o
USB_ControlRequest                                ../LUFA/Drivers/USB/Core/USBTask.o
                                                  ../LUFA/Drivers/USB/Core/EndpointStream.o
                                                  ../LUFA/Drivers/USB/Core/DeviceStandardReq.o
                                                  ../LUFA/Drivers/USB/Core/AVR8/Endpoint_AVR8.o
                                                  BootloaderCDC.o
USB_Device_ProcessControlRequest                  ../LUFA/Drivers/USB/Core/DeviceStandardReq.o
                                                  ../LUFA/Drivers/USB/Core/USBTask.o
USB_Device_SendRemoteWakeup                       ../LUFA/Drivers/USB/Core/AVR8/Device_AVR8.o
USB_Disable                                       ../LUFA/Drivers/USB/Core/AVR8/USBController_AVR8.o
USB_Event_Stub                                    ../LUFA/Drivers/USB/Core/Events.o
USB_GetHIDReportItemInfo                          ../LUFA/Drivers/USB/Class/Common/HIDParser.o
USB_GetHIDReportSize                              ../LUFA/Drivers/USB/Class/Common/HIDParser.o
USB_GetNextDescriptorComp                         ../LUFA/Drivers/USB/Core/ConfigDescriptor.o
USB_GetNextDescriptorOfType                       ../LUFA/Drivers/USB/Core/ConfigDescriptor.o
USB_GetNextDescriptorOfTypeAfter                  ../LUFA/Drivers/USB/Core/ConfigDescriptor.o
USB_GetNextDescriptorOfTypeBefore                 ../LUFA/Drivers/USB/Core/ConfigDescriptor.o
USB_INT_ClearAllInterrupts                        ../LUFA/Drivers/USB/Core/AVR8/USBInterrupt_AVR8.o
                                                  ../LUFA/Drivers/USB/Core/AVR8/USBController_AVR8.o
USB_INT_DisableAllInterrupts                      ../LUFA/Drivers/USB/Core/AVR8/USBInterrupt_AVR8.o
                                                  ../LUFA/Drivers/USB/Core/AVR8/USBController_AVR8.o
USB_Init                                          ../LUFA/Drivers/USB/Core/AVR8/USBController_AVR8.o
                                                  BootloaderCDC.o
USB_IsInitialized                                 ../LUFA/Drivers/USB/Core/USBTask.o
                                                  ../LUFA/Drivers/USB/Core/AVR8/USBController_AVR8.o
USB_ProcessHIDReport                              ../LUFA/Drivers/USB/Class/Common/HIDParser.o
USB_ResetInterface                                ../LUFA/Drivers/USB/Core/AVR8/USBController_AVR8.o
USB_SetHIDReportItemInfo                          ../LUFA/Drivers/USB/Class/Common/HIDParser.o
USB_USBTask                                       ../LUFA/Drivers/USB/Core/USBTask.o
                                                  ../LUFA/Drivers/USB/Core/EndpointStream.o
                                                  BootloaderCDC.o
__bad_interrupt                                   c:/no_install_programs/mhvavrtools/bin/../lib/gcc/avr/4.5.1/../../../../avr/lib/avr5/crtm32u4.o
__bss_end                                         c:/no_install_programs/mhvavrtools/bin/../lib/gcc/avr/4.5.1/avr5\libgcc.a(_clear_bss.o)
__bss_start                                       c:/no_install_programs/mhvavrtools/bin/../lib/gcc/avr/4.5.1/avr5\libgcc.a(_clear_bss.o)
__data_end                                        c:/no_install_programs/mhvavrtools/bin/../lib/gcc/avr/4.5.1/avr5\libgcc.a(_copy_data.o)
__data_load_start                                 c:/no_install_programs/mhvavrtools/bin/../lib/gcc/avr/4.5.1/avr5\libgcc.a(_copy_data.o)
__data_start                                      c:/no_install_programs/mhvavrtools/bin/../lib/gcc/avr/4.5.1/avr5\libgcc.a(_copy_data.o)
__do_clear_bss                                    c:/no_install_programs/mhvavrtools/bin/../lib/gcc/avr/4.5.1/avr5\libgcc.a(_clear_bss.o)
                                                  ../LUFA/Drivers/USB/Core/USBTask.o
                                                  ../LUFA/Drivers/USB/Core/DeviceStandardReq.o
                                                  BootloaderCDC.o
__do_copy_data                                    c:/no_install_programs/mhvavrtools/bin/../lib/gcc/avr/4.5.1/avr5\libgcc.a(_copy_data.o)
                                                  Descriptors.o
                                                  BootloaderCDC.o
__eerd_byte_m32u4                                 c:/no_install_programs/mhvavrtools/bin/../lib/gcc/avr/4.5.1/../../../../avr/lib/avr5\libc.a(eerd_byte_atmega32u4.o)
                                                  ../LUFA/Drivers/USB/Core/EndpointStream.o
                                                  BootloaderCDC.o
__eeupd_byte_m32u4                                c:/no_install_programs/mhvavrtools/bin/../lib/gcc/avr/4.5.1/../../../../avr/lib/avr5\libc.a(eeupd_byte_atmega32u4.o)
                                                  ../LUFA/Drivers/USB/Core/EndpointStream.o
__eeupd_r18_m32u4                                 c:/no_install_programs/mhvavrtools/bin/../lib/gcc/avr/4.5.1/../../../../avr/lib/avr5\libc.a(eeupd_byte_atmega32u4.o)
__eewr_byte_m32u4                                 c:/no_install_programs/mhvavrtools/bin/../lib/gcc/avr/4.5.1/../../../../avr/lib/avr5\libc.a(eewr_byte_atmega32u4.o)
                                                  BootloaderCDC.o
__eewr_r18_m32u4                                  c:/no_install_programs/mhvavrtools/bin/../lib/gcc/avr/4.5.1/../../../../avr/lib/avr5\libc.a(eewr_byte_atmega32u4.o)
__heap_end                                        c:/no_install_programs/mhvavrtools/bin/../lib/gcc/avr/4.5.1/../../../../avr/lib/avr5/crtm32u4.o
__init                                            c:/no_install_programs/mhvavrtools/bin/../lib/gcc/avr/4.5.1/../../../../avr/lib/avr5/crtm32u4.o
__stack                                           c:/no_install_programs/mhvavrtools/bin/../lib/gcc/avr/4.5.1/../../../../avr/lib/avr5/crtm32u4.o
__vector_1                                        c:/no_install_programs/mhvavrtools/bin/../lib/gcc/avr/4.5.1/../../../../avr/lib/avr5/crtm32u4.o
__vector_10                                       ../LUFA/Drivers/USB/Core/AVR8/USBInterrupt_AVR8.o
                                                  c:/no_install_programs/mhvavrtools/bin/../lib/gcc/avr/4.5.1/../../../../avr/lib/avr5/crtm32u4.o
__vector_11                                       c:/no_install_programs/mhvavrtools/bin/../lib/gcc/avr/4.5.1/../../../../avr/lib/avr5/crtm32u4.o
__vector_12                                       c:/no_install_programs/mhvavrtools/bin/../lib/gcc/avr/4.5.1/../../../../avr/lib/avr5/crtm32u4.o
__vector_13                                       c:/no_install_programs/mhvavrtools/bin/../lib/gcc/avr/4.5.1/../../../../avr/lib/avr5/crtm32u4.o
__vector_14                                       c:/no_install_programs/mhvavrtools/bin/../lib/gcc/avr/4.5.1/../../../../avr/lib/avr5/crtm32u4.o
__vector_15                                       c:/no_install_programs/mhvavrtools/bin/../lib/gcc/avr/4.5.1/../../../../avr/lib/avr5/crtm32u4.o
__vector_16                                       c:/no_install_programs/mhvavrtools/bin/../lib/gcc/avr/4.5.1/../../../../avr/lib/avr5/crtm32u4.o
__vector_17                                       c:/no_install_programs/mhvavrtools/bin/../lib/gcc/avr/4.5.1/../../../../avr/lib/avr5/crtm32u4.o
__vector_18                                       c:/no_install_programs/mhvavrtools/bin/../lib/gcc/avr/4.5.1/../../../../avr/lib/avr5/crtm32u4.o
__vector_19                                       c:/no_install_programs/mhvavrtools/bin/../lib/gcc/avr/4.5.1/../../../../avr/lib/avr5/crtm32u4.o
__vector_2                                        c:/no_install_programs/mhvavrtools/bin/../lib/gcc/avr/4.5.1/../../../../avr/lib/avr5/crtm32u4.o
__vector_20                                       c:/no_install_programs/mhvavrtools/bin/../lib/gcc/avr/4.5.1/../../../../avr/lib/avr5/crtm32u4.o
__vector_21                                       c:/no_install_programs/mhvavrtools/bin/../lib/gcc/avr/4.5.1/../../../../avr/lib/avr5/crtm32u4.o
__vector_22                                       c:/no_install_programs/mhvavrtools/bin/../lib/gcc/avr/4.5.1/../../../../avr/lib/avr5/crtm32u4.o
__vector_23                                       c:/no_install_programs/mhvavrtools/bin/../lib/gcc/avr/4.5.1/../../../../avr/lib/avr5/crtm32u4.o
__vector_24                                       c:/no_install_programs/mhvavrtools/bin/../lib/gcc/avr/4.5.1/../../../../avr/lib/avr5/crtm32u4.o
__vector_25                                       c:/no_install_programs/mhvavrtools/bin/../lib/gcc/avr/4.5.1/../../../../avr/lib/avr5/crtm32u4.o
__vector_26                                       c:/no_install_programs/mhvavrtools/bin/../lib/gcc/avr/4.5.1/../../../../avr/lib/avr5/crtm32u4.o
__vector_27                                       c:/no_install_programs/mhvavrtools/bin/../lib/gcc/avr/4.5.1/../../../../avr/lib/avr5/crtm32u4.o
__vector_28                                       c:/no_install_programs/mhvavrtools/bin/../lib/gcc/avr/4.5.1/../../../../avr/lib/avr5/crtm32u4.o
__vector_29                                       c:/no_install_programs/mhvavrtools/bin/../lib/gcc/avr/4.5.1/../../../../avr/lib/avr5/crtm32u4.o
__vector_3                                        c:/no_install_programs/mhvavrtools/bin/../lib/gcc/avr/4.5.1/../../../../avr/lib/avr5/crtm32u4.o
__vector_30                                       c:/no_install_programs/mhvavrtools/bin/../lib/gcc/avr/4.5.1/../../../../avr/lib/avr5/crtm32u4.o
__vector_31                                       c:/no_install_programs/mhvavrtools/bin/../lib/gcc/avr/4.5.1/../../../../avr/lib/avr5/crtm32u4.o
__vector_32                                       c:/no_install_programs/mhvavrtools/bin/../lib/gcc/avr/4.5.1/../../../../avr/lib/avr5/crtm32u4.o
__vector_33                                       c:/no_install_programs/mhvavrtools/bin/../lib/gcc/avr/4.5.1/../../../../avr/lib/avr5/crtm32u4.o
__vector_34                                       c:/no_install_programs/mhvavrtools/bin/../lib/gcc/avr/4.5.1/../../../../avr/lib/avr5/crtm32u4.o
__vector_35                                       c:/no_install_programs/mhvavrtools/bin/../lib/gcc/avr/4.5.1/../../../../avr/lib/avr5/crtm32u4.o
__vector_36                                       c:/no_install_programs/mhvavrtools/bin/../lib/gcc/avr/4.5.1/../../../../avr/lib/avr5/crtm32u4.o
__vector_37                                       c:/no_install_programs/mhvavrtools/bin/../lib/gcc/avr/4.5.1/../../../../avr/lib/avr5/crtm32u4.o
__vector_38                                       c:/no_install_programs/mhvavrtools/bin/../lib/gcc/avr/4.5.1/../../../../avr/lib/avr5/crtm32u4.o
__vector_39                                       c:/no_install_programs/mhvavrtools/bin/../lib/gcc/avr/4.5.1/../../../../avr/lib/avr5/crtm32u4.o
__vector_4                                        c:/no_install_programs/mhvavrtools/bin/../lib/gcc/avr/4.5.1/../../../../avr/lib/avr5/crtm32u4.o
__vector_40                                       c:/no_install_programs/mhvavrtools/bin/../lib/gcc/avr/4.5.1/../../../../avr/lib/avr5/crtm32u4.o
__vector_41                                       c:/no_install_programs/mhvavrtools/bin/../lib/gcc/avr/4.5.1/../../../../avr/lib/avr5/crtm32u4.o
__vector_42                                       c:/no_install_programs/mhvavrtools/bin/../lib/gcc/avr/4.5.1/../../../../avr/lib/avr5/crtm32u4.o
__vector_5                                        c:/no_install_programs/mhvavrtools/bin/../lib/gcc/avr/4.5.1/../../../../avr/lib/avr5/crtm32u4.o
__vector_6                                        c:/no_install_programs/mhvavrtools/bin/../lib/gcc/avr/4.5.1/../../../../avr/lib/avr5/crtm32u4.o
__vector_7                                        c:/no_install_programs/mhvavrtools/bin/../lib/gcc/avr/4.5.1/../../../../avr/lib/avr5/crtm32u4.o
__vector_8                                        c:/no_install_programs/mhvavrtools/bin/../lib/gcc/avr/4.5.1/../../../../avr/lib/avr5/crtm32u4.o
__vector_9                                        c:/no_install_programs/mhvavrtools/bin/../lib/gcc/avr/4.5.1/../../../../avr/lib/avr5/crtm32u4.o
__vector_default                                  c:/no_install_programs/mhvavrtools/bin/../lib/gcc/avr/4.5.1/../../../../avr/lib/avr5/crtm32u4.o
__vectors                                         c:/no_install_programs/mhvavrtools/bin/../lib/gcc/avr/4.5.1/../../../../avr/lib/avr5/crtm32u4.o
_exit                                             c:/no_install_programs/mhvavrtools/bin/../lib/gcc/avr/4.5.1/avr5\libgcc.a(_exit.o)
app_start                                         BootloaderCDC.o
exit                                              c:/no_install_programs/mhvavrtools/bin/../lib/gcc/avr/4.5.1/avr5\libgcc.a(_exit.o)
                                                  c:/no_install_programs/mhvavrtools/bin/../lib/gcc/avr/4.5.1/../../../../avr/lib/avr5/crtm32u4.o
exit_bootloader                                   BootloaderCDC.o
main                                              BootloaderCDC.o
                                                  c:/no_install_programs/mhvavrtools/bin/../lib/gcc/avr/4.5.1/../../../../avr/lib/avr5/crtm32u4.o
